<h1>Hello!</h1>
            <p><span>3</span> <span>2020</span></p>
            <p><span>6</span> <span>2020</span></p>
            <p><span>9</span> <span>2020</span></p>
